// Jest Snapshot v1, https://goo.gl/fbAQLP

exports[`Message shallow renders the correct HTML structure 1`] = `
<h1
  className="message_1s94nt7"
>
  test
</h1>
`;
