// Jest Snapshot v1, https://goo.gl/fbAQLP

exports[`LogfileMatchAssertion shallow renders the correct HTML structure 1`] = `
Array [
  <LogfileMatchEntry
    endPos="<inode 110000, position 5>"
    matched="okok"
    pattern=".*ok.*"
    startPos="<BOF>"
    timeout={1}
  />,
  <LogfileMatchEntry
    endPos="<inode 110000, position 10>"
    matched="okok"
    pattern=".*ok.*"
    startPos="<inode 110000, position 5>"
    timeout={1}
  />,
  <LogfileMatchEntry
    endPos="<inode 110000, position 15>"
    matched={null}
    pattern=".*ok.*"
    startPos="<inode 110000, position 10>"
    timeout={2}
  />,
]
`;
