// Jest Snapshot v1, https://goo.gl/fbAQLP

exports[`Column shallow renders the correct HTML structure 1`] = `
<Fragment>
  <div
    className="column_1heobik"
    style={
      Object {
        "width": "18em",
      }
    }
  >
    <p
      className="unique"
    />
  </div>
  <div
    className="grip_gfj8zc"
    style={
      Object {
        "left": "18em",
      }
    }
  />
</Fragment>
`;
