// Jest Snapshot v1, https://goo.gl/fbAQLP

exports[`InteractiveNavList shallow renders and matches snapshot 1`] = `
<Column
  width={24}
>
  <ListGroup
    tag="ul"
  >
    <ListGroupItem
      className="navButton_6hkfbl-o_O-navButtonInteract_1ofjo98"
      key="bbb"
      onClick={[Function]}
      tabIndex="1"
      tag="li"
    >
      <InteractiveNavEntry
        caseCountFailed={0}
        caseCountPassed={0}
        envCtrlCallback={[Function]}
        handlePlayClick={[Function]}
        name="Interactive MTest"
        runtime_status="ready"
        status="unknown"
        type="multitest"
      />
    </ListGroupItem>
  </ListGroup>
</Column>
`;
