// Jest Snapshot v1, https://goo.gl/fbAQLP

exports[`NavList shallow renders and matches snapshot 1`] = `
<Column>
  <ListGroup
    tag="ul"
  >
    <ListGroupItem
      className="navButton_140hs3a-o_O-navButtonInteract_raa3h5"
      key="123"
      onClick={[Function]}
      tabIndex="1"
      tag="li"
    >
      <NavEntry
        caseCountFailed={0}
        caseCountPassed={1}
        name="test"
        status="passed"
      />
    </ListGroupItem>
  </ListGroup>
</Column>
`;
