// Jest Snapshot v1, https://goo.gl/fbAQLP

exports[`AssertionPane shallow renders the correct HTML structure 1`] = `
<div
  style={
    Object {
      "height": "calc(100% - 5.5em)",
      "left": "19.5em",
      "paddingLeft": "20px",
      "position": "absolute",
      "top": "5.5em",
      "width": "calc(100% - 19.5em)",
    }
  }
>
  <div
    className="infiniteScrollDiv_gt1n5"
  >
    <Scrollbars
      autoHeight={false}
      autoHeightMax={200}
      autoHeightMin={0}
      autoHide={true}
      autoHideDuration={200}
      autoHideTimeout={1000}
      hideTracksWhenNotNeeded={false}
      renderThumbHorizontal={[Function]}
      renderThumbVertical={[Function]}
      renderTrackHorizontal={[Function]}
      renderTrackVertical={[Function]}
      renderView={[Function]}
      tagName="div"
      thumbMinSize={30}
      universal={false}
    >
      <div
        style={
          Object {
            "paddingRight": "4rem",
          }
        }
      >
        <DescriptionPane />
        <AssertionGroup
          assertionGroupUid="22758cc5-8a89-472b-bf67-b64dbc2c0b40"
          entries={
            Array [
              Object {
                "category": "DEFAULT",
                "description": null,
                "first": "foo",
                "label": "==",
                "line_no": 25,
                "machine_time": "2019-02-12T17:41:42.795536+00:00",
                "meta_type": "assertion",
                "passed": true,
                "second": "foo",
                "type": "Equal",
                "utc_time": "2019-02-12T17:41:42.795530+00:00",
              },
            ]
          }
        />
        <LogGroup />
      </div>
    </Scrollbars>
  </div>
</div>
`;
