// Jest Snapshot v1, https://goo.gl/fbAQLP

exports[`FixMatchAssertion shallow renders the correct HTML structure 1`] = `
<TableBaseAssertion
  columnDefs={
    Array [
      Object {
        "cellStyle": [Function],
        "field": "id",
        "headerName": "ID",
        "pinned": "left",
        "suppressResize": true,
        "suppressSizeToFit": true,
        "width": 72,
      },
      Object {
        "cellStyle": [Function],
        "field": "ev",
        "headerName": "Expected/Value",
        "pinned": "left",
        "suppressFilter": true,
        "suppressResize": true,
        "suppressSizeToFit": true,
        "width": 121,
      },
      Object {
        "field": "state",
        "headerName": "State",
        "hide": true,
      },
      Object {
        "cellStyle": [Function],
        "field": "name",
        "headerName": "name",
      },
      Object {
        "cellStyle": [Function],
        "field": "age",
        "headerName": "age",
      },
    ]
  }
  rowData={
    Array [
      Object {
        "age": 32,
        "ev": "Expected",
        "id": 0,
        "name": "Bob",
        "passed": Object {
          "age": true,
          "name": true,
        },
      },
      Object {
        "age": 32,
        "ev": "Value",
        "id": 0,
        "name": "Bob",
        "passed": Object {
          "age": true,
          "name": true,
        },
      },
      Object {
        "age": 24,
        "ev": "Expected",
        "id": 1,
        "name": "Susan",
        "passed": Object {
          "age": true,
          "name": true,
        },
      },
      Object {
        "age": 24,
        "ev": "Value",
        "id": 1,
        "name": "Susan",
        "passed": Object {
          "age": true,
          "name": true,
        },
      },
      Object {
        "age": 67,
        "ev": "Expected",
        "id": 2,
        "name": "Rick",
        "passed": Object {
          "age": true,
          "name": true,
        },
      },
      Object {
        "age": 67,
        "ev": "Value",
        "id": 2,
        "name": "Rick",
        "passed": Object {
          "age": true,
          "name": true,
        },
      },
    ]
  }
/>
`;
